// Vitest Snapshot v1, https://vitest.dev/guide/snapshot.html

exports[`Layout component > renders correctly with data 1`] = `
<div>
  <div
    class="container-fluid p-0"
    style="transition: color 0.2s ease-out, background 0.2s ease-out;"
  >
    <div
      class="slice--navbar"
    />
    <div
      class="slice--banner"
    />
    <main>
      mock-children
    </main>
    <div
      class="slice--footer"
    />
  </div>
</div>
`;
