// Vitest Snapshot v1, https://vitest.dev/guide/snapshot.html

exports[`AdoptiumNews component > renders correctly 1`] = `
<div>
  <div
    class="p-3 mt-4 mb-4 bg-light rounded-3 text-start"
  >
    <div
      class="container py-5"
    >
      <h2
        class="text-pink"
      >
        Case Study: Building the World's Most Secure OpenJDK Distribution
      </h2>
      <div>
        <p
          class="m-0 fw-bold"
        >
          1 May 2024
        </p>
        <p
          class="text-muted lh-sm"
        >
          Text
        </p>
      </div>
    </div>
  </div>
</div>
`;
