// Vitest Snapshot v1, https://vitest.dev/guide/snapshot.html

exports[`BrandCarousel component > should render correctly 1`] = `
<div>
  <div
    class="slick-slider slick-initialized"
    dir="ltr"
  >
    <button
      class="slick-arrow slick-prev"
      data-role="none"
      style="display: block;"
      type="button"
    >
       
      Previous
    </button>
    <div
      class="slick-list"
    >
      <div
        class="slick-track"
        style="opacity: 1; transform: translate3d(0px, 0px, 0px);"
      >
        <div
          aria-hidden="true"
          class="slick-slide slick-cloned"
          data-index="-6"
          style="width: 0px;"
          tabindex="-1"
        >
          <div>
            <div
              style="width: 100%; display: inline-block;"
              tabindex="-1"
            >
              <img
                alt="ibm-logo.png logo"
                class="mx-auto d-block"
                src="/images/ibm-logo.png"
                style="filter: grayscale(100%); opacity: 0.7; max-width: 10em; transition: filter 0.3s;"
              />
            </div>
          </div>
        </div>
        <div
          aria-hidden="true"
          class="slick-slide slick-cloned"
          data-index="-5"
          style="width: 0px;"
          tabindex="-1"
        >
          <div>
            <div
              style="width: 100%; display: inline-block;"
              tabindex="-1"
            >
              <img
                alt="adopters/logo-societe-generale.svg logo"
                class="mx-auto d-block"
                src="/images/adopters/logo-societe-generale.svg"
                style="filter: grayscale(100%); opacity: 0.7; max-width: 10em; transition: filter 0.3s;"
              />
            </div>
          </div>
        </div>
        <div
          aria-hidden="true"
          class="slick-slide slick-cloned"
          data-index="-4"
          style="width: 0px;"
          tabindex="-1"
        >
          <div>
            <div
              style="width: 100%; display: inline-block;"
              tabindex="-1"
            >
              <img
                alt="redhat.svg logo"
                class="mx-auto d-block"
                src="/images/redhat.svg"
                style="filter: grayscale(100%); opacity: 0.7; max-width: 10em; transition: filter 0.3s;"
              />
            </div>
          </div>
        </div>
        <div
          aria-hidden="true"
          class="slick-slide slick-cloned"
          data-index="-3"
          style="width: 0px;"
          tabindex="-1"
        >
          <div>
            <div
              style="width: 100%; display: inline-block;"
              tabindex="-1"
            >
              <img
                alt="google.svg logo"
                class="mx-auto d-block"
                src="/images/google.svg"
                style="filter: grayscale(100%); opacity: 0.7; max-width: 10em; transition: filter 0.3s;"
              />
            </div>
          </div>
        </div>
        <div
          aria-hidden="true"
          class="slick-slide slick-cloned"
          data-index="-2"
          style="width: 0px;"
          tabindex="-1"
        >
          <div>
            <div
              style="width: 100%; display: inline-block;"
              tabindex="-1"
            >
              <img
                alt="adopters/logo-dynatrace.png logo"
                class="mx-auto d-block"
                src="/images/adopters/logo-dynatrace.png"
                style="filter: grayscale(100%); opacity: 0.7; max-width: 10em; transition: filter 0.3s;"
              />
            </div>
          </div>
        </div>
        <div
          aria-hidden="true"
          class="slick-slide slick-cloned"
          data-index="-1"
          style="width: 0px;"
          tabindex="-1"
        >
          <div>
            <div
              style="width: 100%; display: inline-block;"
              tabindex="-1"
            >
              <img
                alt="redhat.svg logo"
                class="mx-auto d-block"
                src="/images/redhat.svg"
                style="filter: grayscale(100%); opacity: 0.7; max-width: 10em; transition: filter 0.3s;"
              />
            </div>
          </div>
        </div>
        <div
          aria-hidden="false"
          class="slick-slide slick-active slick-current"
          data-index="0"
          style="outline: none; width: 0px;"
          tabindex="-1"
        >
          <div>
            <div
              style="width: 100%; display: inline-block;"
              tabindex="-1"
            >
              <img
                alt="microsoft.svg logo"
                class="mx-auto d-block"
                src="/images/microsoft.svg"
                style="filter: grayscale(100%); opacity: 0.7; max-width: 10em; transition: filter 0.3s;"
              />
            </div>
          </div>
        </div>
        <div
          aria-hidden="false"
          class="slick-slide slick-active"
          data-index="1"
          style="outline: none; width: 0px;"
          tabindex="-1"
        >
          <div>
            <div
              style="width: 100%; display: inline-block;"
              tabindex="-1"
            >
              <img
                alt="ibm-logo.png logo"
                class="mx-auto d-block"
                src="/images/ibm-logo.png"
                style="filter: grayscale(100%); opacity: 0.7; max-width: 10em; transition: filter 0.3s;"
              />
            </div>
          </div>
        </div>
        <div
          aria-hidden="false"
          class="slick-slide slick-active"
          data-index="2"
          style="outline: none; width: 0px;"
          tabindex="-1"
        >
          <div>
            <div
              style="width: 100%; display: inline-block;"
              tabindex="-1"
            >
              <img
                alt="adopters/logo-societe-generale.svg logo"
                class="mx-auto d-block"
                src="/images/adopters/logo-societe-generale.svg"
                style="filter: grayscale(100%); opacity: 0.7; max-width: 10em; transition: filter 0.3s;"
              />
            </div>
          </div>
        </div>
        <div
          aria-hidden="false"
          class="slick-slide slick-active"
          data-index="3"
          style="outline: none; width: 0px;"
          tabindex="-1"
        >
          <div>
            <div
              style="width: 100%; display: inline-block;"
              tabindex="-1"
            >
              <img
                alt="redhat.svg logo"
                class="mx-auto d-block"
                src="/images/redhat.svg"
                style="filter: grayscale(100%); opacity: 0.7; max-width: 10em; transition: filter 0.3s;"
              />
            </div>
          </div>
        </div>
        <div
          aria-hidden="false"
          class="slick-slide slick-active"
          data-index="4"
          style="outline: none; width: 0px;"
          tabindex="-1"
        >
          <div>
            <div
              style="width: 100%; display: inline-block;"
              tabindex="-1"
            >
              <img
                alt="google.svg logo"
                class="mx-auto d-block"
                src="/images/google.svg"
                style="filter: grayscale(100%); opacity: 0.7; max-width: 10em; transition: filter 0.3s;"
              />
            </div>
          </div>
        </div>
        <div
          aria-hidden="false"
          class="slick-slide slick-active"
          data-index="5"
          style="outline: none; width: 0px;"
          tabindex="-1"
        >
          <div>
            <div
              style="width: 100%; display: inline-block;"
              tabindex="-1"
            >
              <img
                alt="adopters/logo-dynatrace.png logo"
                class="mx-auto d-block"
                src="/images/adopters/logo-dynatrace.png"
                style="filter: grayscale(100%); opacity: 0.7; max-width: 10em; transition: filter 0.3s;"
              />
            </div>
          </div>
        </div>
        <div
          aria-hidden="true"
          class="slick-slide"
          data-index="6"
          style="outline: none; width: 0px;"
          tabindex="-1"
        >
          <div>
            <div
              style="width: 100%; display: inline-block;"
              tabindex="-1"
            >
              <img
                alt="redhat.svg logo"
                class="mx-auto d-block"
                src="/images/redhat.svg"
                style="filter: grayscale(100%); opacity: 0.7; max-width: 10em; transition: filter 0.3s;"
              />
            </div>
          </div>
        </div>
        <div
          aria-hidden="true"
          class="slick-slide slick-cloned"
          data-index="7"
          style="width: 0px;"
          tabindex="-1"
        >
          <div>
            <div
              style="width: 100%; display: inline-block;"
              tabindex="-1"
            >
              <img
                alt="microsoft.svg logo"
                class="mx-auto d-block"
                src="/images/microsoft.svg"
                style="filter: grayscale(100%); opacity: 0.7; max-width: 10em; transition: filter 0.3s;"
              />
            </div>
          </div>
        </div>
        <div
          aria-hidden="true"
          class="slick-slide slick-cloned"
          data-index="8"
          style="width: 0px;"
          tabindex="-1"
        >
          <div>
            <div
              style="width: 100%; display: inline-block;"
              tabindex="-1"
            >
              <img
                alt="ibm-logo.png logo"
                class="mx-auto d-block"
                src="/images/ibm-logo.png"
                style="filter: grayscale(100%); opacity: 0.7; max-width: 10em; transition: filter 0.3s;"
              />
            </div>
          </div>
        </div>
        <div
          aria-hidden="true"
          class="slick-slide slick-cloned"
          data-index="9"
          style="width: 0px;"
          tabindex="-1"
        >
          <div>
            <div
              style="width: 100%; display: inline-block;"
              tabindex="-1"
            >
              <img
                alt="adopters/logo-societe-generale.svg logo"
                class="mx-auto d-block"
                src="/images/adopters/logo-societe-generale.svg"
                style="filter: grayscale(100%); opacity: 0.7; max-width: 10em; transition: filter 0.3s;"
              />
            </div>
          </div>
        </div>
        <div
          aria-hidden="true"
          class="slick-slide slick-cloned"
          data-index="10"
          style="width: 0px;"
          tabindex="-1"
        >
          <div>
            <div
              style="width: 100%; display: inline-block;"
              tabindex="-1"
            >
              <img
                alt="redhat.svg logo"
                class="mx-auto d-block"
                src="/images/redhat.svg"
                style="filter: grayscale(100%); opacity: 0.7; max-width: 10em; transition: filter 0.3s;"
              />
            </div>
          </div>
        </div>
        <div
          aria-hidden="true"
          class="slick-slide slick-cloned"
          data-index="11"
          style="width: 0px;"
          tabindex="-1"
        >
          <div>
            <div
              style="width: 100%; display: inline-block;"
              tabindex="-1"
            >
              <img
                alt="google.svg logo"
                class="mx-auto d-block"
                src="/images/google.svg"
                style="filter: grayscale(100%); opacity: 0.7; max-width: 10em; transition: filter 0.3s;"
              />
            </div>
          </div>
        </div>
        <div
          aria-hidden="true"
          class="slick-slide slick-cloned"
          data-index="12"
          style="width: 0px;"
          tabindex="-1"
        >
          <div>
            <div
              style="width: 100%; display: inline-block;"
              tabindex="-1"
            >
              <img
                alt="adopters/logo-dynatrace.png logo"
                class="mx-auto d-block"
                src="/images/adopters/logo-dynatrace.png"
                style="filter: grayscale(100%); opacity: 0.7; max-width: 10em; transition: filter 0.3s;"
              />
            </div>
          </div>
        </div>
        <div
          aria-hidden="true"
          class="slick-slide slick-cloned"
          data-index="13"
          style="width: 0px;"
          tabindex="-1"
        >
          <div>
            <div
              style="width: 100%; display: inline-block;"
              tabindex="-1"
            >
              <img
                alt="redhat.svg logo"
                class="mx-auto d-block"
                src="/images/redhat.svg"
                style="filter: grayscale(100%); opacity: 0.7; max-width: 10em; transition: filter 0.3s;"
              />
            </div>
          </div>
        </div>
      </div>
    </div>
    <button
      class="slick-arrow slick-next"
      data-role="none"
      style="display: block;"
      type="button"
    >
       
      Next
    </button>
  </div>
</div>
`;
