// Vitest Snapshot v1

exports[`fetchReleaseNotesForVersion > returns valid JSON 1`] = `
{
  "id": "id_mock",
  "release_name": "release_name_mock",
  "release_notes": [
    {
      "id": "0",
      "link": "https://link_mock/",
      "title": "title_mock",
    },
  ],
  "vendor": "vendor_mock",
  "version_data": {
    "build": 0,
    "major": 0,
    "minor": 0,
    "openjdk_version": "openjdk_version_mock",
    "patch": 0,
    "security": 0,
  },
}
`;
